// Vitest Snapshot v1, https://vitest.dev/guide/snapshot.html

exports[`cascading > cascade to nested multiple rules 1`] = `".a{width:150px;.simple{color:#FFF}}.b{width:150px;.simple{color:#FFF}}.a{width:150px;a{color:#FFF}label{color:#FFF}&:after{color:#FFF}}.a{width:150px;a{background:#FFF;ol{width:150px}ul{width:150px}}label{background:#FFF;ol{width:150px}ul{width:150px}}}.b{width:150px;a{background:#FFF;ol{width:150px}ul{width:150px}}label{background:#FFF;ol{width:150px}ul{width:150px}}}"`;

exports[`cascading > cascade to nested rules 1`] = `".box-foo{width:150px;.box-bar{width:150px}@media (max-width: 800px){.box-bar{width:300px}}}@media (max-width: 800px){.box-foo{width:300px}}"`;

exports[`cascading > cascade to nested rules in the proper scope 1`] = `".box-foo{width:333px;.box-bar{width:333px}}.box-baz{width:200px}@media (max-width: 800px){.box-baz{width:550px}}"`;

exports[`cascading > cascade with calc-expression to nested rules 1`] = `".box-foo{width:calc(50px + 150px);.box-bar{width:calc(50px + 150px)}@media (max-width: 800px){.box-bar{width:calc(50px + 300px)}}}@media (max-width: 800px){.box-foo{width:calc(50px + 300px)}}"`;
